Traceback (most recent call last):
  File "/opt/pager/app.py", line 111, in <module>
    socketio.run(app, host='0.0.0.0', port=5000)
  File "/usr/local/lib/python3.11/dist-packages/flask_socketio/__init__.py", line 664, in run
    raise RuntimeError('The Werkzeug web server is not '
RuntimeError: The Werkzeug web server is not designed to run in production. Pass allow_unsafe_werkzeug=True to the run() method to disable this error.
Traceback (most recent call last):
  File "/opt/pager/app.py", line 111, in <module>
    socketio.run(app, host='0.0.0.0', port=5000)
  File "/usr/local/lib/python3.11/dist-packages/flask_socketio/__init__.py", line 664, in run
    raise RuntimeError('The Werkzeug web server is not '
RuntimeError: The Werkzeug web server is not designed to run in production. Pass allow_unsafe_werkzeug=True to the run() method to disable this error.
Traceback (most recent call last):
  File "/opt/pager/app.py", line 111, in <module>
    socketio.run(app, host='0.0.0.0', port=5000)
  File "/usr/local/lib/python3.11/dist-packages/flask_socketio/__init__.py", line 664, in run
    raise RuntimeError('The Werkzeug web server is not '
RuntimeError: The Werkzeug web server is not designed to run in production. Pass allow_unsafe_werkzeug=True to the run() method to disable this error.
Traceback (most recent call last):
  File "/opt/pager/app.py", line 111, in <module>
    socketio.run(app, host='0.0.0.0', port=5000)
  File "/usr/local/lib/python3.11/dist-packages/flask_socketio/__init__.py", line 664, in run
    raise RuntimeError('The Werkzeug web server is not '
RuntimeError: The Werkzeug web server is not designed to run in production. Pass allow_unsafe_werkzeug=True to the run() method to disable this error.
